
> frontend@0.0.0 test
> vitest --run


[1m[46m RUN [49m[22m [36mv4.0.18 [39m[90mC:/Users/kevon/IntelliJ/gamedb/frontend[39m

(node:72172) Warning: `--localstorage-file` was provided without a valid path
(Use `node --trace-warnings ...` to show where the warning was created)
 [31mΓ¥»[39m src/tests/JournalFunctions.test.jsx [2m([22m[2m2 tests[22m[2m | [22m[31m2 failed[39m[2m)[22m[32m 19[2mms[22m[39m
[31m     [31m├ù[31m should sort games correctly in MyListPage[39m[32m 16[2mms[22m[39m
[31m     [31m├ù[31m should filter games by genre in MyListPage[39m[32m 2[2mms[22m[39m
stderr | src/tests/ListManagement.test.jsx > List Management > should call addItem when adding a game in GameDetailPage
An update to GameDetailPage inside a test was not wrapped in act(...).

When testing, code that causes React state updates should be wrapped into act(...):

act(() => {
  /* fire events that update state */
});
/* assert on the output */

This ensures that you're testing the behavior the user would see in the browser. Learn more at https://react.dev/link/wrap-tests-with-act
An update to GameDetailPage inside a test was not wrapped in act(...).

When testing, code that causes React state updates should be wrapped into act(...):

act(() => {
  /* fire events that update state */
});
/* assert on the output */

This ensures that you're testing the behavior the user would see in the browser. Learn more at https://react.dev/link/wrap-tests-with-act
An update to GameDetailPage inside a test was not wrapped in act(...).

When testing, code that causes React state updates should be wrapped into act(...):

act(() => {
  /* fire events that update state */
});
/* assert on the output */

This ensures that you're testing the behavior the user would see in the browser. Learn more at https://react.dev/link/wrap-tests-with-act

(node:59996) Warning: `--localstorage-file` was provided without a valid path
(Use `node --trace-warnings ...` to show where the warning was created)
 [31mΓ¥»[39m src/tests/ListManagement.test.jsx [2m([22m[2m2 tests[22m[2m | [22m[31m1 failed[39m[2m)[22m[32m 116[2mms[22m[39m
     [32mΓ£ô[39m should call addItem when adding a game in GameDetailPage[32m 109[2mms[22m[39m
[31m     [31m├ù[31m should display games in MyListPage and handle removal[39m[32m 6[2mms[22m[39m
 [31mΓ¥»[39m src/tests/UserPreferences.test.jsx [2m([22m[2m2 tests[22m[2m | [22m[31m2 failed[39m[2m)[22m[32m 274[2mms[22m[39m
[31m     [31m├ù[31m should allow changing UI settings in the settings modal[39m[32m 235[2mms[22m[39m
[31m     [31m├ù[31m should toggle theme mode[39m[32m 38[2mms[22m[39m
 [32mΓ£ô[39m src/tests/BrowsePage.test.jsx [2m([22m[2m3 tests[22m[2m)[22m[33m 1434[2mms[22m[39m
     [33m[2mΓ£ô[22m[39m should trigger API call when a platform is selected [33m 806[2mms[22m[39m
     [33m[2mΓ£ô[22m[39m should handle sorting changes in the header [33m 394[2mms[22m[39m

ΓÄ»ΓÄ»ΓÄ»ΓÄ»ΓÄ»ΓÄ»ΓÄ» Failed Tests 5 ΓÄ»ΓÄ»ΓÄ»ΓÄ»ΓÄ»ΓÄ»ΓÄ»

 FAIL  src/tests/JournalFunctions.test.jsx > Journal Functions > should sort games correctly in MyListPage
 FAIL  src/tests/JournalFunctions.test.jsx > Journal Functions > should filter games by genre in MyListPage
 FAIL  src/tests/ListManagement.test.jsx > List Management > should display games in MyListPage and handle removal
TypeError: localStorage.getItem is not a function
 Γ¥» src/pages/MyListPage.jsx:20:22
     18|     // View, Sort, Filter state
     19|     const [activeView, setActiveView] = useState(() =>
     20|         localStorage.getItem('questlog-view') || 'cartridge'
       |                      ^
     21|     );
     22|     const [sortBy, setSortBy] = useState('name-asc');
 Γ¥» mountStateImpl node_modules/react-dom/cjs/react-dom-client.development.js:8268:24
 Γ¥» mountState node_modules/react-dom/cjs/react-dom-client.development.js:8289:22
 Γ¥» Object.useState node_modules/react-dom/cjs/react-dom-client.development.js:26243:18
 Γ¥» process.env.NODE_ENV.exports.useState node_modules/react/cjs/react.development.js:1263:34
 Γ¥» MyListPage src/pages/MyListPage.jsx:19:41
 Γ¥» Object.react_stack_bottom_frame node_modules/react-dom/cjs/react-dom-client.development.js:25904:20
 Γ¥» renderWithHooks node_modules/react-dom/cjs/react-dom-client.development.js:7662:22
 Γ¥» updateFunctionComponent node_modules/react-dom/cjs/react-dom-client.development.js:10166:19
 Γ¥» beginWork node_modules/react-dom/cjs/react-dom-client.development.js:11778:18

ΓÄ»ΓÄ»ΓÄ»ΓÄ»ΓÄ»ΓÄ»ΓÄ»ΓÄ»ΓÄ»ΓÄ»ΓÄ»ΓÄ»ΓÄ»ΓÄ»ΓÄ»ΓÄ»ΓÄ»ΓÄ»ΓÄ»ΓÄ»ΓÄ»ΓÄ»ΓÄ»ΓÄ»[1/5]ΓÄ»

 FAIL  src/tests/UserPreferences.test.jsx > User Preferences (Navbar Settings) > should allow changing UI settings in the settings modal
TestingLibraryElementError: Unable to find an accessible element with the role "button" and name `/settings/i`

Here are the accessible roles:

  navigation:

  Name "":
  <nav
    class="sticky top-0 z-50 bg-surface/80 backdrop-blur-md border-b border-border transition-all duration-300 nav-container shadow-retro"
  />

  --------------------------------------------------
  link:

  Name "QUESTLOG // ARCHIVE":
  <a
    class="flex items-center gap-2 group"
    data-discover="true"
    href="/"
  />

  Name "> HOME":
  <a
    class="text-text hover:text-accent-500 font-medium transition-colors"
    data-discover="true"
    href="/"
  />

  Name "> BROWSE":
  <a
    class="text-text hover:text-accent-500 font-medium transition-colors"
    data-discover="true"
    href="/browse"
  />

  Name "> JOURNAL":
  <a
    class="text-text hover:text-accent-500 font-medium transition-colors"
    data-discover="true"
    href="/my-list"
  />

  --------------------------------------------------
  button:

  Name "":
  <button
    class="p-2 hover:bg-accent-50 text-text-muted hover:text-accent-500 transition-colors rounded-dynamic"
  />

  Name "":
  <button
    class="p-2 hover:bg-accent-50 text-text-muted hover:text-accent-500 transition-colors rounded-dynamic"
  />

  Name "LOGOUT":
  <button
    class="flex items-center gap-1 px-3 py-2 rounded-dynamic-btn text-sm font-medium text-red-600 hover:bg-red-50 transition-colors border border-transparent hover:border-red-200"
  />

  --------------------------------------------------

Ignored nodes: comments, script, style
<body>
  <div>
    <nav
      class="sticky top-0 z-50 bg-surface/80 backdrop-blur-md border-b border-border transition-all duration-300 nav-container shadow-retro"
    >
      <div
        class="max-w-[2000px] mx-auto px-4 density-pad"
      >
        <div
          class="flex justify-between items-center h-full"
        >
          <a
            class="flex items-center gap-2 group"
            data-discover="true"
            href="/"
          >
            <div
              class="p-2 bg-accent-500 text-white rounded-dynamic group-hover:bg-accent-600 transition-colors shadow-retro"
            >
              <svg
                aria-hidden="true"
                class="lucide lucide-gamepad2 lucide-gamepad-2"
                fill="none"
                height="24"
                stroke="currentColor"
                stroke-linecap="round"
                stroke-linejoin="round"
                stroke-width="2"
                viewBox="0 0 24 24"
                width="24"
                xmlns="http://www.w3.org/2000/svg"
              >
                <line
                  x1="6"
                  x2="10"
                  y1="11"
                  y2="11"
                />
                <line
                  x1="8"
                  x2="8"
                  y1="9"
                  y2="13"
                />
                <line
                  x1="15"
                  x2="15.01"
                  y1="12"
                  y2="12"
                />
                <line
                  x1="18"
                  x2="18.01"
                  y1="10"
                  y2="10"
                />
                <path
                  d="M17.32 5H6.68a4 4 0 0 0-3.978 3.59c-.006.052-.01.101-.017.152C2.604 9.416 2 14.456 2 16a3 3 0 0 0 3 3c1 0 1.5-.5 2-1l1.414-1.414A2 2 0 0 1 9.828 16h4.344a2 2 0 0 1 1.414.586L17 18c.5.5 1 1 2 1a3 3 0 0 0 3-3c0-1.545-.604-6.584-.685-7.258-.007-.05-.011-.1-.017-.151A4 4 0 0 0 17.32 5z"
                />
              </svg>
            </div>
            <span
              class="font-display font-bold text-xl tracking-wide hidden sm:block"
            >
              QUESTLOG // ARCHIVE
            </span>
          </a>
          <div
            class="flex items-center gap-6"
          >
            <a
              class="text-text hover:text-accent-500 font-medium transition-colors"
              data-discover="true"
              href="/"
            >
              &gt;
               HOME
            </a>
            <a
              class="text-text hover:text-accent-500 font-medium transition-colors"
              data-discover="true"
              href="/browse"
            >
              &gt;
               BROWSE
            </a>
            <a
              class="text-text hover:text-accent-500 font-medium transition-colors"
              data-discover="true"
              href="/my-list"
            >
              &gt;
               JOURNAL
            </a>
          </div>
          <div
            class="flex items-center gap-4"
          >
            <button
              class="p-2 hover:bg-accent-50 text-text-muted hover:text-accent-500 transition-colors rounded-dynamic"
            >
              <svg
                aria-hidden="true"
                class="lucide lucide-sun"
                fill="none"
                height="20"
                stroke="currentColor"
                stroke-linecap="round"
                stroke-linejoin="round"
                stroke-width="2"
                viewBox="0 0 24 24"
                width="20"
                xmlns="http://www.w3.org/2000/svg"
              >
                <circle
                  cx="12"
                  cy="12"
                  r="4"
                />
                <path
                  d="M12 2v2"
                />
                <path
                  d="M12 20v2"
                />
                <path
                  d="m4.93 4.93 1.41 1.41"
                />
                <path
                  d="m17.66 17.66 1.41 1.41"
                />
                <path
                  d="M2 12h2"
                />
                <path
                  d="M20 12h2"
                />
                <path
                  d="m6.34 17.66-1.41 1.41"
                />
                <path
                  d="m19.07 4.93-1.41 1.41"
                />
              </svg>
            </button>
            <button
              class="p-2 hover:bg-accent-50 text-text-muted hover:text-accent-500 transition-colors rounded-dynamic"
            >
              <svg
                aria-hidden="true"
                class="lucide lucide-settings"
                fill="none"
                height="20"
                stroke="currentColor"
                stroke-linecap="round"
                stroke-linejoin="round"
                stroke-width="2"
                viewBox="0 0 24 24"
                width="20"
                xmlns="http://www.w3.org/2000/svg"
              >
                <path
                  d="M9.671 4.136a2.34 2.34 0 0 1 4.659 0 2.34 2.34 0 0 0 3.319 1.915 2.34 2.34 0 0 1 2.33 4.033 2.34 2.34 0 0 0 0 3.831 2.34 2.34 0 0 1-2.33 4.033 2.34 2.34 0 0 0-3.319 1.915 2.34 2.34 0 0 1-4.659 0 2.34 2.34 0 0 0-3.32-1.915 2.34 2.34 0 0 1-2.33-4.033 2.34 2.34 0 0 0 0-3.831A2.34 2.34 0 0 1 6.35 6.051a2.34 2.34 0 0 0 3.319-1.915"
                />
                <circle
                  cx="12"
                  cy="12"
                  r="3"
                />
              </svg>
            </button>
            <div
              class="w-px h-6 bg-border hidden sm:block"
            />
            <div
              class="flex items-center gap-2"
            >
              <button
                class="flex items-center gap-1 px-3 py-2 rounded-dynamic-btn text-sm font-medium text-red-600 hover:bg-red-50 transition-colors border border-transparent hover:border-red-200"
              >
                <svg
                  aria-hidden="true"
                  class="lucide lucide-log-out"
                  fill="none"
                  height="16"
                  stroke="currentColor"
                  stroke-linecap="round"
                  stroke-linejoin="round"
                  stroke-width="2"
                  viewBox="0 0 24 24"
                  width="16"
                  xmlns="http://www.w3.org/2000/svg"
                >
                  <path
                    d="m16 17 5-5-5-5"
                  />
                  <path
                    d="M21 12H9"
                  />
                  <path
                    d="M9 21H5a2 2 0 0 1-2-2V5a2 2 0 0 1 2-2h4"
                  />
                </svg>
                <span
                  class="hidden sm:inline"
                >
                  LOGOUT
                </span>
              </button>
            </div>
          </div>
        </div>
      </div>
    </nav>
  </div>
</body>
 Γ¥» Object.getElementError node_modules/@testing-library/dom/dist/config.js:37:19
 Γ¥» node_modules/@testing-library/dom/dist/query-helpers.js:76:38
 Γ¥» node_modules/@testing-library/dom/dist/query-helpers.js:52:17
 Γ¥» node_modules/@testing-library/dom/dist/query-helpers.js:95:19
 Γ¥» src/tests/UserPreferences.test.jsx:53:36
     51| 
     52|         // Open settings
     53|         const settingsBtn = screen.getByRole('button', { name: /settinΓÇª
       |                                    ^
     54|         fireEvent.click(settingsBtn);
     55| 

ΓÄ»ΓÄ»ΓÄ»ΓÄ»ΓÄ»ΓÄ»ΓÄ»ΓÄ»ΓÄ»ΓÄ»ΓÄ»ΓÄ»ΓÄ»ΓÄ»ΓÄ»ΓÄ»ΓÄ»ΓÄ»ΓÄ»ΓÄ»ΓÄ»ΓÄ»ΓÄ»ΓÄ»[2/5]ΓÄ»

 FAIL  src/tests/UserPreferences.test.jsx > User Preferences (Navbar Settings) > should toggle theme mode
TestingLibraryElementError: Found multiple elements with the role "button" and name ""

Here are the matching elements:

Ignored nodes: comments, script, style
<button
  class="p-2 hover:bg-accent-50 text-text-muted hover:text-accent-500 transition-colors rounded-dynamic"
>
  <svg
    aria-hidden="true"
    class="lucide lucide-sun"
    fill="none"
    height="20"
    stroke="currentColor"
    stroke-linecap="round"
    stroke-linejoin="round"
    stroke-width="2"
    viewBox="0 0 24 24"
    width="20"
    xmlns="http://www.w3.org/2000/svg"
  >
    <circle
      cx="12"
      cy="12"
      r="4"
    />
    <path
      d="M12 2v2"
    />
    <path
      d="M12 20v2"
    />
    <path
      d="m4.93 4.93 1.41 1.41"
    />
    <path
      d="m17.66 17.66 1.41 1.41"
    />
    <path
      d="M2 12h2"
    />
    <path
      d="M20 12h2"
    />
    <path
      d="m6.34 17.66-1.41 1.41"
    />
    <path
      d="m19.07 4.93-1.41 1.41"
    />
  </svg>
</button>

Ignored nodes: comments, script, style
<button
  class="p-2 hover:bg-accent-50 text-text-muted hover:text-accent-500 transition-colors rounded-dynamic"
>
  <svg
    aria-hidden="true"
    class="lucide lucide-settings"
    fill="none"
    height="20"
    stroke="currentColor"
    stroke-linecap="round"
    stroke-linejoin="round"
    stroke-width="2"
    viewBox="0 0 24 24"
    width="20"
    xmlns="http://www.w3.org/2000/svg"
  >
    <path
      d="M9.671 4.136a2.34 2.34 0 0 1 4.659 0 2.34 2.34 0 0 0 3.319 1.915 2.34 2.34 0 0 1 2.33 4.033 2.34 2.34 0 0 0 0 3.831 2.34 2.34 0 0 1-2.33 4.033 2.34 2.34 0 0 0-3.319 1.915 2.34 2.34 0 0 1-4.659 0 2.34 2.34 0 0 0-3.32-1.915 2.34 2.34 0 0 1-2.33-4.033 2.34 2.34 0 0 0 0-3.831A2.34 2.34 0 0 1 6.35 6.051a2.34 2.34 0 0 0 3.319-1.915"
    />
    <circle
      cx="12"
      cy="12"
      r="3"
    />
  </svg>
</button>

(If this is intentional, then use the `*AllBy*` variant of the query (like `queryAllByText`, `getAllByText`, or `findAllByText`)).

Ignored nodes: comments, script, style
<body>
  <div>
    <nav
      class="sticky top-0 z-50 bg-surface/80 backdrop-blur-md border-b border-border transition-all duration-300 nav-container shadow-retro"
    >
      <div
        class="max-w-[2000px] mx-auto px-4 density-pad"
      >
        <div
          class="flex justify-between items-center h-full"
        >
          <a
            class="flex items-center gap-2 group"
            data-discover="true"
            href="/"
          >
            <div
              class="p-2 bg-accent-500 text-white rounded-dynamic group-hover:bg-accent-600 transition-colors shadow-retro"
            >
              <svg
                aria-hidden="true"
                class="lucide lucide-gamepad2 lucide-gamepad-2"
                fill="none"
                height="24"
                stroke="currentColor"
                stroke-linecap="round"
                stroke-linejoin="round"
                stroke-width="2"
                viewBox="0 0 24 24"
                width="24"
                xmlns="http://www.w3.org/2000/svg"
              >
                <line
                  x1="6"
                  x2="10"
                  y1="11"
                  y2="11"
                />
                <line
                  x1="8"
                  x2="8"
                  y1="9"
                  y2="13"
                />
                <line
                  x1="15"
                  x2="15.01"
                  y1="12"
                  y2="12"
                />
                <line
                  x1="18"
                  x2="18.01"
                  y1="10"
                  y2="10"
                />
                <path
                  d="M17.32 5H6.68a4 4 0 0 0-3.978 3.59c-.006.052-.01.101-.017.152C2.604 9.416 2 14.456 2 16a3 3 0 0 0 3 3c1 0 1.5-.5 2-1l1.414-1.414A2 2 0 0 1 9.828 16h4.344a2 2 0 0 1 1.414.586L17 18c.5.5 1 1 2 1a3 3 0 0 0 3-3c0-1.545-.604-6.584-.685-7.258-.007-.05-.011-.1-.017-.151A4 4 0 0 0 17.32 5z"
                />
              </svg>
            </div>
            <span
              class="font-display font-bold text-xl tracking-wide hidden sm:block"
            >
              QUESTLOG // ARCHIVE
            </span>
          </a>
          <div
            class="flex items-center gap-6"
          >
            <a
              class="text-text hover:text-accent-500 font-medium transition-colors"
              data-discover="true"
              href="/"
            >
              &gt;
               HOME
            </a>
            <a
              class="text-text hover:text-accent-500 font-medium transition-colors"
              data-discover="true"
              href="/browse"
            >
              &gt;
               BROWSE
            </a>
            <a
              class="text-text hover:text-accent-500 font-medium transition-colors"
              data-discover="true"
              href="/my-list"
            >
              &gt;
               JOURNAL
            </a>
          </div>
          <div
            class="flex items-center gap-4"
          >
            <button
              class="p-2 hover:bg-accent-50 text-text-muted hover:text-accent-500 transition-colors rounded-dynamic"
            >
              <svg
                aria-hidden="true"
                class="lucide lucide-sun"
                fill="none"
                height="20"
                stroke="currentColor"
                stroke-linecap="round"
                stroke-linejoin="round"
                stroke-width="2"
                viewBox="0 0 24 24"
                width="20"
                xmlns="http://www.w3.org/2000/svg"
              >
                <circle
                  cx="12"
                  cy="12"
                  r="4"
                />
                <path
                  d="M12 2v2"
                />
                <path
                  d="M12 20v2"
                />
                <path
                  d="m4.93 4.93 1.41 1.41"
                />
                <path
                  d="m17.66 17.66 1.41 1.41"
                />
                <path
                  d="M2 12h2"
                />
                <path
                  d="M20 12h2"
                />
                <path
                  d="m6.34 17.66-1.41 1.41"
                />
                <path
                  d="m19.07 4.93-1.41 1.41"
                />
              </svg>
            </button>
            <button
              class="p-2 hover:bg-accent-50 text-text-muted hover:text-accent-500 transition-colors rounded-dynamic"
            >
              <svg
                aria-hidden="true"
                class="lucide lucide-settings"
                fill="none"
                height="20"
                stroke="currentColor"
                stroke-linecap="round"
                stroke-linejoin="round"
                stroke-width="2"
                viewBox="0 0 24 24"
                width="20"
                xmlns="http://www.w3.org/2000/svg"
              >
                <path
                  d="M9.671 4.136a2.34 2.34 0 0 1 4.659 0 2.34 2.34 0 0 0 3.319 1.915 2.34 2.34 0 0 1 2.33 4.033 2.34 2.34 0 0 0 0 3.831 2.34 2.34 0 0 1-2.33 4.033 2.34 2.34 0 0 0-3.319 1.915 2.34 2.34 0 0 1-4.659 0 2.34 2.34 0 0 0-3.32-1.915 2.34 2.34 0 0 1-2.33-4.033 2.34 2.34 0 0 0 0-3.831A2.34 2.34 0 0 1 6.35 6.051a2.34 2.34 0 0 0 3.319-1.915"
                />
                <circle
                  cx="12"
                  cy="12"
                  r="3"
                />
              </svg>
            </button>
            <div
              class="w-px h-6 bg-border hidden sm:block"
            />
            <div
              class="flex items-center gap-2"
            >
              <button
                class="flex items-center gap-1 px-3 py-2 rounded-dynamic-btn text-sm font-medium text-red-600 hover:bg-red-50 transition-colors border border-transparent hover:border-red-200"
              >
                <svg
                  aria-hidden="true"
                  class="lucide lucide-log-out"
                  fill="none"
                  height="16"
                  stroke="currentColor"
                  stroke-linecap="round"
                  stroke-linejoin="round"
                  stroke-width="2"
                  viewBox="0 0 24 24"
                  width="16"
                  xmlns="http://www.w3.org/2000/svg"
                >
                  <path
                    d="m16 17 5-5-5-5"
                  />
                  <path
                    d="M21 12H9"
                  />
                  <path
                    d="M9 21H5a2 2 0 0 1-2-2V5a2 2 0 0 1 2-2h4"
                  />
                </svg>
                <span
                  class="hidden sm:inline"
                >
                  LOGOUT
                </span>
              </button>
            </div>
          </div>
        </div>
      </div>
    </nav>
  </div>
</body>
 Γ¥» Object.getElementError node_modules/@testing-library/dom/dist/config.js:37:19
 Γ¥» getElementError node_modules/@testing-library/dom/dist/query-helpers.js:20:35
 Γ¥» getMultipleElementsFoundError node_modules/@testing-library/dom/dist/query-helpers.js:23:10
 Γ¥» node_modules/@testing-library/dom/dist/query-helpers.js:55:13
 Γ¥» node_modules/@testing-library/dom/dist/query-helpers.js:95:19
 Γ¥» src/tests/UserPreferences.test.jsx:89:32
     87|         // Theme toggle button is the one with Sun/Moon icon.
     88|         // In our mock, mode='dark', so it should show Sun.
     89|         const modeBtn = screen.getByRole('button', { name: '' }); // WΓÇª
       |                                ^
     90|         // Let's try to find it by icon if possible, but simpler to juΓÇª
     91|         const buttons = screen.getAllByRole('button');

ΓÄ»ΓÄ»ΓÄ»ΓÄ»ΓÄ»ΓÄ»ΓÄ»ΓÄ»ΓÄ»ΓÄ»ΓÄ»ΓÄ»ΓÄ»ΓÄ»ΓÄ»ΓÄ»ΓÄ»ΓÄ»ΓÄ»ΓÄ»ΓÄ»ΓÄ»ΓÄ»ΓÄ»[3/5]ΓÄ»


[2m Test Files [22m [1m[31m3 failed[39m[22m[2m | [22m[1m[32m1 passed[39m[22m[90m (4)[39m
[2m      Tests [22m [1m[31m5 failed[39m[22m[2m | [22m[1m[32m4 passed[39m[22m[90m (9)[39m
[2m   Start at [22m 13:16:32
[2m   Duration [22m 2.48s[2m (transform 560ms, setup 503ms, import 1.00s, tests 1.84s, environment 2.17s)[22m

