 Image gamedb-backend Building 
#1 [internal] load local bake definitions
#1 reading from stdin 523B done
#1 DONE 0.0s

#2 [internal] load build definition from Dockerfile
#2 transferring dockerfile: 721B done
#2 DONE 0.0s

#3 [internal] load metadata for docker.io/library/eclipse-temurin:25-jre-alpine
#3 ...

#4 [internal] load metadata for docker.io/library/eclipse-temurin:21-jdk-alpine
#4 DONE 0.2s

#3 [internal] load metadata for docker.io/library/eclipse-temurin:25-jre-alpine
#3 DONE 0.2s

#5 [internal] load .dockerignore
#5 transferring context: 2B done
#5 DONE 0.0s

#6 [builder 1/9] FROM docker.io/library/eclipse-temurin:21-jdk-alpine@sha256:c98f0d2e171c898bf896dc4166815d28a56d428e218190a1f35cdc7d82efd61f
#6 resolve docker.io/library/eclipse-temurin:21-jdk-alpine@sha256:c98f0d2e171c898bf896dc4166815d28a56d428e218190a1f35cdc7d82efd61f 0.0s done
#6 DONE 0.0s

#7 [stage-1 1/3] FROM docker.io/library/eclipse-temurin:25-jre-alpine@sha256:f10d6259d0798c1e12179b6bf3b63cea0d6843f7b09c9f9c9c422c50e44379ec
#7 resolve docker.io/library/eclipse-temurin:25-jre-alpine@sha256:f10d6259d0798c1e12179b6bf3b63cea0d6843f7b09c9f9c9c422c50e44379ec 0.0s done
#7 DONE 0.0s

#8 [internal] load build context
#8 transferring context: 8.93kB done
#8 DONE 0.0s

#9 [builder 2/9] WORKDIR /app
#9 CACHED

#10 [builder 5/9] COPY build.gradle .
#10 CACHED

#11 [builder 7/9] COPY src src
#11 CACHED

#12 [builder 3/9] COPY gradlew .
#12 CACHED

#13 [builder 4/9] COPY gradle gradle
#13 CACHED

#14 [builder 6/9] COPY settings.gradle .
#14 CACHED

#15 [builder 8/9] RUN chmod +x ./gradlew
#15 CACHED

#16 [builder 9/9] RUN ./gradlew bootJar -x test
#16 0.227 Downloading https://services.gradle.org/distributions/gradle-8.12.1-bin.zip
#16 0.685 .............10%.............20%.............30%.............40%.............50%.............60%.............70%.............80%.............90%.............100%
#16 7.476 
#16 7.476 Welcome to Gradle 8.12.1!
#16 7.476 
#16 7.477 Here are the highlights of this release:
#16 7.477  - Enhanced error and warning reporting with the Problems API
#16 7.477  - File-system watching support on Alpine Linux
#16 7.477  - Build and test Swift 6 libraries and apps
#16 7.477 
#16 7.477 For more details see https://docs.gradle.org/8.12.1/release-notes.html
#16 7.477 
#16 7.576 Starting a Gradle Daemon (subsequent builds will be faster)
#16 16.28 
#16 16.28 FAILURE: Build failed with an exception.
#16 16.28 
#16 16.28 * Where:
#16 16.28 Build file '/app/build.gradle' line: 3
#16 16.28 
#16 16.28 * What went wrong:
#16 16.28 An exception occurred applying plugin request [id: 'org.springframework.boot', version: '4.0.1']
#16 16.28 > Failed to apply plugin 'org.springframework.boot'.
#16 16.28    > Spring Boot plugin requires Gradle 8.x (8.14 or later) or 9.x. The current version is Gradle 8.12.1
#16 16.28 
#16 16.28 * Try:
#16 16.28 > Run with --stacktrace option to get the stack trace.
#16 16.28 > Run with --info or --debug option to get more log output.
#16 16.28 > Run with --scan to get full insights.
#16 16.28 > Get more help at https://help.gradle.org.
#16 16.28 
#16 16.28 BUILD FAILED in 16s
#16 ERROR: process "/bin/sh -c ./gradlew bootJar -x test" did not complete successfully: exit code: 1
------
 > [builder 9/9] RUN ./gradlew bootJar -x test:
16.28 > Failed to apply plugin 'org.springframework.boot'.
16.28    > Spring Boot plugin requires Gradle 8.x (8.14 or later) or 9.x. The current version is Gradle 8.12.1
16.28 
16.28 * Try:
16.28 > Run with --stacktrace option to get the stack trace.
16.28 > Run with --info or --debug option to get more log output.
16.28 > Run with --scan to get full insights.
16.28 > Get more help at https://help.gradle.org.
16.28 
16.28 BUILD FAILED in 16s
------
Dockerfile:17

--------------------

  15 |     # Make gradlew executable and build the jar

  16 |     RUN chmod +x ./gradlew

  17 | >>> RUN ./gradlew bootJar -x test

  18 |     

  19 |     # --- Stage 2: Run the application ---

--------------------

failed to solve: process "/bin/sh -c ./gradlew bootJar -x test" did not complete successfully: exit code: 1



View build details: docker-desktop://dashboard/build/default/default/pfxizbumawiybg9xaf3quycc9

