> Task :compileJava UP-TO-DATE
> Task :processResources UP-TO-DATE
> Task :classes UP-TO-DATE
> Task :compileTestJava UP-TO-DATE
> Task :processTestResources UP-TO-DATE
> Task :testClasses UP-TO-DATE

> Task :test

GameSearchIntegrationTest > initializationError FAILED
    org.testcontainers.containers.ContainerFetchException at GenericContainer.java:1308
        Caused by: java.lang.IllegalStateException at DockerClientProviderStrategy.java:274

GameSearchServiceTest > testReleaseYearFilter() FAILED
    java.lang.IllegalStateException at DefaultCacheAwareContextLoaderDelegate.java:195
        Caused by: org.springframework.beans.factory.UnsatisfiedDependencyException at AutowiredAnnotationBeanPostProcessor.java:766
            Caused by: org.springframework.beans.factory.UnsatisfiedDependencyException at ConstructorResolver.java:804
                Caused by: org.springframework.beans.factory.UnsatisfiedDependencyException at ConstructorResolver.java:804
                    Caused by: org.springframework.beans.factory.BeanCreationException at ConstructorResolver.java:657
                        Caused by: org.springframework.beans.BeanInstantiationException at SimpleInstantiationStrategy.java:183
                            Caused by: java.lang.IllegalArgumentException at ConnectionString.java:409

GameSearchServiceTest > testMinRatingFilter() FAILED
    java.lang.IllegalStateException at DefaultCacheAwareContextLoaderDelegate.java:157

GameSearchServiceTest > testMinRatingFilter_NoResults() FAILED
    java.lang.IllegalStateException at DefaultCacheAwareContextLoaderDelegate.java:157

GameSearchServiceTest > testPlatformFilter() FAILED
    java.lang.IllegalStateException at DefaultCacheAwareContextLoaderDelegate.java:157

GameSearchServiceTest > testPartialNameSearch() FAILED
    java.lang.IllegalStateException at DefaultCacheAwareContextLoaderDelegate.java:157

GameSearchServiceTest > testGenreFilter() FAILED
    java.lang.IllegalStateException at DefaultCacheAwareContextLoaderDelegate.java:157

GamedbApplicationTests > contextLoads() FAILED
    java.lang.IllegalStateException at DefaultCacheAwareContextLoaderDelegate.java:195
        Caused by: org.springframework.beans.factory.UnsatisfiedDependencyException at ConstructorResolver.java:804
            Caused by: org.springframework.beans.factory.UnsatisfiedDependencyException at ConstructorResolver.java:804
                Caused by: org.springframework.beans.factory.BeanCreationException at BeanDefinitionValueResolver.java:377
                    Caused by: org.springframework.beans.factory.BeanCreationException at ConstructorResolver.java:657
                        Caused by: org.springframework.beans.BeanInstantiationException at SimpleInstantiationStrategy.java:183
                            Caused by: org.springframework.dao.DuplicateKeyException at MongoExceptionTranslator.java:92
                                Caused by: com.mongodb.DuplicateKeyException at CreateIndexesOperation.java:225

OpenJDK 64-Bit Server VM warning: Sharing is only supported for boot loader classes because bootstrap classpath has been appended

> Task :test

44 tests completed, 8 failed

> Task :test FAILED

FAILURE: Build failed with an exception.

* What went wrong:
Execution failed for task ':test'.
> There were failing tests. See the report at: file:///C:/Users/kevon/IntelliJ/gamedb/build/reports/tests/test/index.html

* Try:
> Run with --scan to generate a Build Scan (powered by Develocity).

5 actionable tasks: 1 executed, 4 up-to-date
BUILD FAILED in 6s
